// Jest Snapshot v1, https://goo.gl/fbAQLP

exports[`slugify should match the snapshot 1`] = `"encyclopedia-of-the-vampire-the-living-dead-in-myth-legend-and-popular-culture"`;
