// Jest Snapshot v1, https://goo.gl/fbAQLP

exports[`collections should match the snapshot 1`] = `
Object {
  "books": "books",
}
`;
