// Jest Snapshot v1, https://goo.gl/fbAQLP

exports[`env should match the snapshot 1`] = `
Object {
  "development": "development",
  "production": "production",
}
`;
