// Jest Snapshot v1, https://goo.gl/fbAQLP

exports[`watch should match the snapshot 1`] = `
Array [
  "./views",
]
`;
