// Jest Snapshot v1, https://goo.gl/fbAQLP

exports[`AboutController constructor should set its templates 1`] = `
Object {
  "get": "about.hbs",
}
`;
