// Jest Snapshot v1, https://goo.gl/fbAQLP

exports[`BrowseController constructor should set its templates 1`] = `
Object {
  "get": "browse.hbs",
}
`;
