// Jest Snapshot v1, https://goo.gl/fbAQLP

exports[`ContactController constructor should set its templates 1`] = `
Object {
  "get": "contact.hbs",
}
`;
