// Jest Snapshot v1, https://goo.gl/fbAQLP

exports[`ResultsController constructor should set its templates 1`] = `
Object {
  "error": "error.hbs",
  "get": "results.hbs",
}
`;
