// Jest Snapshot v1, https://goo.gl/fbAQLP

exports[`SearchController constructor should set its templates 1`] = `
Object {
  "get": "search.hbs",
}
`;
